capability=InferenceEngine
resource=inference
provider=Canonical
product=Infernix
shape=Distributed(3)
object|inferenceengine/inference/config|ConfigMap|provider-config|-
object|inferenceengine/inference/discovery|Service|member-discovery|-
object|inferenceengine/inference/member-0|EngineWorkload|member|inferenceengine/inference/controller-0
object|inferenceengine/inference/member-1|EngineWorkload|member|inferenceengine/inference/controller-1
object|inferenceengine/inference/member-2|EngineWorkload|member|inferenceengine/inference/controller-2
object|inferenceengine/inference/quorum-policy|PodDisruptionBudget|quorum-policy|-
object|inferenceengine/inference/service|Service|stable-endpoint|-
execution|inferenceengine/inference/member-0|DaemonSet
execution|inferenceengine/inference/member-1|DaemonSet
execution|inferenceengine/inference/member-2|DaemonSet
intent=GenericCapabilityIntent InferenceEngine "inference"
