capability=Sql
resource=database
provider=Canonical
product=Patroni
shape=Distributed(3)
object|sql/database/config|ConfigMap|provider-config|-
object|sql/database/discovery|Service|member-discovery|-
object|sql/database/member-0|StatefulSet|member|sql/database/controller-0
object|sql/database/member-1|StatefulSet|member|sql/database/controller-1
object|sql/database/member-2|StatefulSet|member|sql/database/controller-2
object|sql/database/quorum-policy|PodDisruptionBudget|quorum-policy|-
object|sql/database/schema-bootstrap|Job|bootstrap|sql/database/schema-controller
object|sql/database/service|Service|stable-endpoint|-
execution|sql/database/member-0|StatefulSet
execution|sql/database/member-1|StatefulSet
execution|sql/database/member-2|StatefulSet
execution|sql/database/schema-bootstrap|Job
intent=PatroniSqlIntent "database"
intent=SchemaMigrationIntent "database"
