capability=SecretStore
resource=secrets
provider=Canonical
product=Vault
shape=Distributed(3)
object|secretstore/secrets/config|ConfigMap|provider-config|-
object|secretstore/secrets/discovery|Service|member-discovery|-
object|secretstore/secrets/member-0|StatefulSet|member|secretstore/secrets/controller-0
object|secretstore/secrets/member-1|StatefulSet|member|secretstore/secrets/controller-1
object|secretstore/secrets/member-2|StatefulSet|member|secretstore/secrets/controller-2
object|secretstore/secrets/quorum-policy|PodDisruptionBudget|quorum-policy|-
object|secretstore/secrets/service|Service|stable-endpoint|-
execution|secretstore/secrets/member-0|StatefulSet
execution|secretstore/secrets/member-1|StatefulSet
execution|secretstore/secrets/member-2|StatefulSet
intent=GenericCapabilityIntent SecretStore "secrets"
