capability=InferenceEngine
resource=inference
provider=Canonical
product=Infernix
shape=SingleNode
object|inferenceengine/inference/config|ConfigMap|provider-config|-
object|inferenceengine/inference/member-0|EngineWorkload|member|inferenceengine/inference/controller-0
object|inferenceengine/inference/service|Service|stable-endpoint|-
execution|inferenceengine/inference/member-0|DaemonSet
intent=GenericCapabilityIntent InferenceEngine "inference"
