capability=MessageBus
resource=events
provider=Canonical
product=Pulsar
shape=Distributed(3)
object|messagebus/events/config|ConfigMap|provider-config|-
object|messagebus/events/discovery|Service|member-discovery|-
object|messagebus/events/member-0|StatefulSet|member|messagebus/events/controller-0
object|messagebus/events/member-1|StatefulSet|member|messagebus/events/controller-1
object|messagebus/events/member-2|StatefulSet|member|messagebus/events/controller-2
object|messagebus/events/quorum-policy|PodDisruptionBudget|quorum-policy|-
object|messagebus/events/service|Service|stable-endpoint|-
execution|messagebus/events/member-0|StatefulSet
execution|messagebus/events/member-1|StatefulSet
execution|messagebus/events/member-2|StatefulSet
intent=GenericCapabilityIntent MessageBus "events"
