capability=MessageBus
resource=events
provider=Canonical
product=Pulsar
shape=SingleNode
object|messagebus/events/config|ConfigMap|provider-config|-
object|messagebus/events/member-0|StatefulSet|member|messagebus/events/controller-0
object|messagebus/events/service|Service|stable-endpoint|-
execution|messagebus/events/member-0|StatefulSet
intent=GenericCapabilityIntent MessageBus "events"
