{
  "planEntries": [
    {
      "planEntryFrame": "AfterBootstrapAddonCutoverFrame",
      "planEntryKind": "ApplyObjects",
      "planEntryLabel": "global/bootstrap-addon-cutover",
      "planEntryObjectIdentities": [
        "global/bootstrap-addon-cutover"
      ]
    },
    {
      "planEntryFrame": "BootstrapSchedulerFrame",
      "planEntryKind": "ApplyObjects",
      "planEntryLabel": "global/capacity-scheduler",
      "planEntryObjectIdentities": [
        "global/capacity-scheduler"
      ]
    },
    {
      "planEntryFrame": "AfterManagedCapacityReadyFrame",
      "planEntryKind": "ApplyObjects",
      "planEntryLabel": "global/managed-capacity-admission",
      "planEntryObjectIdentities": [
        "global/managed-capacity-admission"
      ]
    },
    {
      "planEntryFrame": "ImmediateFrame",
      "planEntryKind": "ApplyObjects",
      "planEntryLabel": "global/namespace",
      "planEntryObjectIdentities": [
        "global/namespace"
      ]
    },
    {
      "planEntryFrame": "ImmediateFrame",
      "planEntryKind": "ApplyObjects",
      "planEntryLabel": "sql/database/config",
      "planEntryObjectIdentities": [
        "sql/database/config"
      ]
    },
    {
      "planEntryFrame": "AfterManagedCapacityReadyFrame",
      "planEntryKind": "ApplyObjects",
      "planEntryLabel": "sql/database/discovery",
      "planEntryObjectIdentities": [
        "sql/database/discovery"
      ]
    },
    {
      "planEntryFrame": "AfterBootstrapAddonCutoverFrame",
      "planEntryKind": "ApplyObjects",
      "planEntryLabel": "sql/database/member-0",
      "planEntryObjectIdentities": [
        "sql/database/member-0"
      ]
    },
    {
      "planEntryFrame": "AfterBootstrapAddonCutoverFrame",
      "planEntryKind": "ApplyObjects",
      "planEntryLabel": "sql/database/member-1",
      "planEntryObjectIdentities": [
        "sql/database/member-1"
      ]
    },
    {
      "planEntryFrame": "AfterBootstrapAddonCutoverFrame",
      "planEntryKind": "ApplyObjects",
      "planEntryLabel": "sql/database/member-2",
      "planEntryObjectIdentities": [
        "sql/database/member-2"
      ]
    },
    {
      "planEntryFrame": "AfterManagedCapacityReadyFrame",
      "planEntryKind": "ApplyObjects",
      "planEntryLabel": "sql/database/quorum-policy",
      "planEntryObjectIdentities": [
        "sql/database/quorum-policy"
      ]
    },
    {
      "planEntryFrame": "AfterBootstrapAddonCutoverFrame",
      "planEntryKind": "ApplyObjects",
      "planEntryLabel": "sql/database/schema-bootstrap",
      "planEntryObjectIdentities": [
        "sql/database/schema-bootstrap"
      ]
    },
    {
      "planEntryFrame": "AfterBootstrapAddonCutoverFrame",
      "planEntryKind": "ApplyObjects",
      "planEntryLabel": "sql/database/service",
      "planEntryObjectIdentities": [
        "sql/database/service"
      ]
    }
  ]
}
