capability=Registry
resource=images
provider=Canonical
product=Distribution
shape=Distributed(3)
object|registry/images/config|ConfigMap|provider-config|-
object|registry/images/discovery|Service|member-discovery|-
object|registry/images/member-0|StatefulSet|member|registry/images/controller-0
object|registry/images/member-1|StatefulSet|member|registry/images/controller-1
object|registry/images/member-2|StatefulSet|member|registry/images/controller-2
object|registry/images/quorum-policy|PodDisruptionBudget|quorum-policy|-
object|registry/images/service|Service|stable-endpoint|-
execution|registry/images/member-0|StatefulSet
execution|registry/images/member-1|StatefulSet
execution|registry/images/member-2|StatefulSet
intent=RegistryStorageProducerIntent RegistryProducer (RegistryStorageIntent {registryStorageResource = "images"})
