capability=Identity
resource=accounts
provider=Canonical
product=Keycloak
shape=Distributed(3)
object|identity/accounts/config|ConfigMap|provider-config|-
object|identity/accounts/discovery|Service|member-discovery|-
object|identity/accounts/member-0|StatefulSet|member|identity/accounts/controller-0
object|identity/accounts/member-1|StatefulSet|member|identity/accounts/controller-1
object|identity/accounts/member-2|StatefulSet|member|identity/accounts/controller-2
object|identity/accounts/quorum-policy|PodDisruptionBudget|quorum-policy|-
object|identity/accounts/service|Service|stable-endpoint|-
execution|identity/accounts/member-0|StatefulSet
execution|identity/accounts/member-1|StatefulSet
execution|identity/accounts/member-2|StatefulSet
intent=GenericCapabilityIntent Identity "accounts"
