capability=Edge
resource=public-edge
provider=Canonical
product=Envoy
shape=Distributed(3)
object|edge/public-edge/config|ConfigMap|provider-config|-
object|edge/public-edge/discovery|Service|member-discovery|-
object|edge/public-edge/member-0|Deployment|member|edge/public-edge/controller-0
object|edge/public-edge/member-1|Deployment|member|edge/public-edge/controller-1
object|edge/public-edge/member-2|Deployment|member|edge/public-edge/controller-2
object|edge/public-edge/quorum-policy|PodDisruptionBudget|quorum-policy|-
object|edge/public-edge/service|Service|stable-endpoint|-
execution|edge/public-edge/member-0|Deployment
execution|edge/public-edge/member-1|Deployment
execution|edge/public-edge/member-2|Deployment
intent=GenericCapabilityIntent Edge "public-edge"
