capability=SecretStore
resource=secrets
provider=Canonical
product=Vault
shape=SingleNode
object|secretstore/secrets/config|ConfigMap|provider-config|-
object|secretstore/secrets/member-0|StatefulSet|member|secretstore/secrets/controller-0
object|secretstore/secrets/service|Service|stable-endpoint|-
execution|secretstore/secrets/member-0|StatefulSet
intent=GenericCapabilityIntent SecretStore "secrets"
