AfterBootstrapAddonCutoverFrame	global/bootstrap-addon-cutover
BootstrapSchedulerFrame	global/capacity-scheduler
AfterManagedCapacityReadyFrame	global/managed-capacity-admission
ImmediateFrame	global/namespace
ImmediateFrame	sql/database/config
AfterManagedCapacityReadyFrame	sql/database/discovery
AfterBootstrapAddonCutoverFrame	sql/database/member-0
AfterBootstrapAddonCutoverFrame	sql/database/member-1
AfterBootstrapAddonCutoverFrame	sql/database/member-2
AfterManagedCapacityReadyFrame	sql/database/quorum-policy
AfterBootstrapAddonCutoverFrame	sql/database/schema-bootstrap
AfterBootstrapAddonCutoverFrame	sql/database/service
