{
  "planEntries": [
    {
      "planEntryFrame": "AfterBootstrapAddonCutoverFrame",
      "planEntryKind": "ApplyObjects",
      "planEntryLabel": "global/bootstrap-addon-cutover",
      "planEntryObjectIdentities": [
        "global/bootstrap-addon-cutover"
      ]
    },
    {
      "planEntryFrame": "BootstrapSchedulerFrame",
      "planEntryKind": "ApplyObjects",
      "planEntryLabel": "global/capacity-scheduler",
      "planEntryObjectIdentities": [
        "global/capacity-scheduler"
      ]
    },
    {
      "planEntryFrame": "AfterManagedCapacityReadyFrame",
      "planEntryKind": "ApplyObjects",
      "planEntryLabel": "global/managed-capacity-admission",
      "planEntryObjectIdentities": [
        "global/managed-capacity-admission"
      ]
    },
    {
      "planEntryFrame": "ImmediateFrame",
      "planEntryKind": "ApplyObjects",
      "planEntryLabel": "global/namespace",
      "planEntryObjectIdentities": [
        "global/namespace"
      ]
    },
    {
      "planEntryFrame": "ImmediateFrame",
      "planEntryKind": "ApplyObjects",
      "planEntryLabel": "objectstore/assets/config",
      "planEntryObjectIdentities": [
        "objectstore/assets/config"
      ]
    },
    {
      "planEntryFrame": "AfterBootstrapAddonCutoverFrame",
      "planEntryKind": "ApplyObjects",
      "planEntryLabel": "objectstore/assets/member-0",
      "planEntryObjectIdentities": [
        "objectstore/assets/member-0"
      ]
    },
    {
      "planEntryFrame": "AfterBootstrapAddonCutoverFrame",
      "planEntryKind": "ApplyObjects",
      "planEntryLabel": "objectstore/assets/service",
      "planEntryObjectIdentities": [
        "objectstore/assets/service"
      ]
    }
  ]
}
