CONSTANT
  Clusters = {"source", "target"}
  MaxOffset = 2
  MaxDataLoss = 1
  MinTTL = 1
  MaxTTL = 60
  MaxFreshness = 1
SPECIFICATION Spec
INVARIANT UniqueGatewayOwner
INVARIANT SessionAlwaysRebindable
INVARIANT PlannedIsLossless
INVARIANT NoWriteAfterStaleFailover
INVARIANT NoTakeWithoutProvenFreshness
PROPERTY MergeConverges
PROPERTY SessionEventuallyRebinds
PROPERTY PlannedMigrationTerminates
CONSTRAINT StateBound
CHECK_DEADLOCK FALSE
